Archive member included to satisfy reference by file (symbol)

d:/documents for work/st/stm32cubeide_1.7.0/stm32cubeide/plugins/com.st.stm32cube.ide.mcu.externaltools.gnu-tools-for-stm32.9-2020-q2-update.win32_2.0.0.202105311346/tools/bin/../lib/gcc/arm-none-eabi/9.3.1/../../../../arm-none-eabi/lib/thumb/v7-m/nofp\libc_nano.a(lib_a-errno.o)
                              ./Core/Src/syscalls.o (__errno)
d:/documents for work/st/stm32cubeide_1.7.0/stm32cubeide/plugins/com.st.stm32cube.ide.mcu.externaltools.gnu-tools-for-stm32.9-2020-q2-update.win32_2.0.0.202105311346/tools/bin/../lib/gcc/arm-none-eabi/9.3.1/../../../../arm-none-eabi/lib/thumb/v7-m/nofp\libc_nano.a(lib_a-exit.o)
                              d:/documents for work/st/stm32cubeide_1.7.0/stm32cubeide/plugins/com.st.stm32cube.ide.mcu.externaltools.gnu-tools-for-stm32.9-2020-q2-update.win32_2.0.0.202105311346/tools/bin/../lib/gcc/arm-none-eabi/9.3.1/../../../../arm-none-eabi/lib/thumb/v7-m/nofp/crt0.o (exit)
d:/documents for work/st/stm32cubeide_1.7.0/stm32cubeide/plugins/com.st.stm32cube.ide.mcu.externaltools.gnu-tools-for-stm32.9-2020-q2-update.win32_2.0.0.202105311346/tools/bin/../lib/gcc/arm-none-eabi/9.3.1/../../../../arm-none-eabi/lib/thumb/v7-m/nofp\libc_nano.a(lib_a-impure.o)
                              d:/documents for work/st/stm32cubeide_1.7.0/stm32cubeide/plugins/com.st.stm32cube.ide.mcu.externaltools.gnu-tools-for-stm32.9-2020-q2-update.win32_2.0.0.202105311346/tools/bin/../lib/gcc/arm-none-eabi/9.3.1/../../../../arm-none-eabi/lib/thumb/v7-m/nofp\libc_nano.a(lib_a-exit.o) (_global_impure_ptr)
d:/documents for work/st/stm32cubeide_1.7.0/stm32cubeide/plugins/com.st.stm32cube.ide.mcu.externaltools.gnu-tools-for-stm32.9-2020-q2-update.win32_2.0.0.202105311346/tools/bin/../lib/gcc/arm-none-eabi/9.3.1/../../../../arm-none-eabi/lib/thumb/v7-m/nofp\libc_nano.a(lib_a-init.o)
                              d:/documents for work/st/stm32cubeide_1.7.0/stm32cubeide/plugins/com.st.stm32cube.ide.mcu.externaltools.gnu-tools-for-stm32.9-2020-q2-update.win32_2.0.0.202105311346/tools/bin/../lib/gcc/arm-none-eabi/9.3.1/../../../../arm-none-eabi/lib/thumb/v7-m/nofp/crt0.o (__libc_init_array)
d:/documents for work/st/stm32cubeide_1.7.0/stm32cubeide/plugins/com.st.stm32cube.ide.mcu.externaltools.gnu-tools-for-stm32.9-2020-q2-update.win32_2.0.0.202105311346/tools/bin/../lib/gcc/arm-none-eabi/9.3.1/../../../../arm-none-eabi/lib/thumb/v7-m/nofp\libc_nano.a(lib_a-memset.o)
                              d:/documents for work/st/stm32cubeide_1.7.0/stm32cubeide/plugins/com.st.stm32cube.ide.mcu.externaltools.gnu-tools-for-stm32.9-2020-q2-update.win32_2.0.0.202105311346/tools/bin/../lib/gcc/arm-none-eabi/9.3.1/../../../../arm-none-eabi/lib/thumb/v7-m/nofp/crt0.o (memset)

Allocating common symbols
Common symbol       size              file

timer_counter       0x28              ./Core/Src/software_timer.o
countDownA          0x4               ./Core/Src/fsm_7seg.o
uwTick              0x4               ./Drivers/STM32F1xx_HAL_Driver/Src/stm32f1xx_hal.o
pFlash              0x20              ./Drivers/STM32F1xx_HAL_Driver/Src/stm32f1xx_hal_flash.o
button_flag         0x14              ./Core/Src/button.o
countDownB          0x4               ./Core/Src/fsm_7seg.o
button_LongPress_flag
                    0x14              ./Core/Src/button.o
buffer_indexB       0x8               ./Core/Src/control_7seg.o
timer_flag          0x28              ./Core/Src/software_timer.o
buffer_indexA       0x8               ./Core/Src/control_7seg.o
htim2               0x48              ./Core/Src/main.o

Discarded input sections

 .text          0x0000000000000000        0x0 d:/documents for work/st/stm32cubeide_1.7.0/stm32cubeide/plugins/com.st.stm32cube.ide.mcu.externaltools.gnu-tools-for-stm32.9-2020-q2-update.win32_2.0.0.202105311346/tools/bin/../lib/gcc/arm-none-eabi/9.3.1/thumb/v7-m/nofp/crti.o
 .data          0x0000000000000000        0x0 d:/documents for work/st/stm32cubeide_1.7.0/stm32cubeide/plugins/com.st.stm32cube.ide.mcu.externaltools.gnu-tools-for-stm32.9-2020-q2-update.win32_2.0.0.202105311346/tools/bin/../lib/gcc/arm-none-eabi/9.3.1/thumb/v7-m/nofp/crti.o
 .bss           0x0000000000000000        0x0 d:/documents for work/st/stm32cubeide_1.7.0/stm32cubeide/plugins/com.st.stm32cube.ide.mcu.externaltools.gnu-tools-for-stm32.9-2020-q2-update.win32_2.0.0.202105311346/tools/bin/../lib/gcc/arm-none-eabi/9.3.1/thumb/v7-m/nofp/crti.o
 .data          0x0000000000000000        0x4 d:/documents for work/st/stm32cubeide_1.7.0/stm32cubeide/plugins/com.st.stm32cube.ide.mcu.externaltools.gnu-tools-for-stm32.9-2020-q2-update.win32_2.0.0.202105311346/tools/bin/../lib/gcc/arm-none-eabi/9.3.1/thumb/v7-m/nofp/crtbegin.o
[...]
Memory Configuration

Name             Origin             Length             Attributes
RAM              0x0000000020000000 0x0000000000002800 xrw
FLASH            0x0000000008000000 0x0000000000008000 xr
*default*        0x0000000000000000 0xffffffffffffffff

Linker script and memory map

LOAD d:/documents for work/st/stm32cubeide_1.7.0/stm32cubeide/plugins/com.st.stm32cube.ide.mcu.externaltools.gnu-tools-for-stm32.9-2020-q2-update.win32_2.0.0.202105311346/tools/bin/../lib/gcc/arm-none-eabi/9.3.1/thumb/v7-m/nofp/crti.o
LOAD d:/documents for work/st/stm32cubeide_1.7.0/stm32cubeide/plugins/com.st.stm32cube.ide.mcu.externaltools.gnu-tools-for-stm32.9-2020-q2-update.win32_2.0.0.202105311346/tools/bin/../lib/gcc/arm-none-eabi/9.3.1/thumb/v7-m/nofp/crtbegin.o
LOAD d:/documents for work/st/stm32cubeide_1.7.0/stm32cubeide/plugins/com.st.stm32cube.ide.mcu.externaltools.gnu-tools-for-stm32.9-2020-q2-update.win32_2.0.0.202105311346/tools/bin/../lib/gcc/arm-none-eabi/9.3.1/../../../../arm-none-eabi/lib/thumb/v7-m/nofp/crt0.o
LOAD ./Core/Src/button.o
LOAD ./Core/Src/control_7seg.o
LOAD ./Core/Src/control_traffic.o
LOAD ./Core/Src/fsm_7seg.o
LOAD ./Core/Src/fsm_automatic.o
LOAD ./Core/Src/fsm_manual.o
LOAD ./Core/Src/fsm_setting.o
LOAD ./Core/Src/global.o
LOAD ./Core/Src/main.o
LOAD ./Core/Src/software_timer.o
LOAD ./Core/Src/stm32f1xx_hal_msp.o
LOAD ./Core/Src/stm32f1xx_it.o
LOAD ./Core/Src/syscalls.o
LOAD ./Core/Src/sysmem.o
LOAD ./Core/Src/system_stm32f1xx.o
LOAD ./Core/Src/timer_check.o
LOAD ./Core/Src/update_status_traffic.o
LOAD ./Core/Startup/startup_stm32f103c6ux.o
LOAD ./Drivers/STM32F1xx_HAL_Driver/Src/stm32f1xx_hal.o
LOAD ./Drivers/STM32F1xx_HAL_Driver/Src/stm32f1xx_hal_cortex.o
LOAD ./Drivers/STM32F1xx_HAL_Driver/Src/stm32f1xx_hal_dma.o
LOAD ./Drivers/STM32F1xx_HAL_Driver/Src/stm32f1xx_hal_exti.o
LOAD ./Drivers/STM32F1xx_HAL_Driver/Src/stm32f1xx_hal_flash.o
LOAD ./Drivers/STM32F1xx_HAL_Driver/Src/stm32f1xx_hal_flash_ex.o
LOAD ./Drivers/STM32F1xx_HAL_Driver/Src/stm32f1xx_hal_gpio.o
LOAD ./Drivers/STM32F1xx_HAL_Driver/Src/stm32f1xx_hal_gpio_ex.o
LOAD ./Drivers/STM32F1xx_HAL_Driver/Src/stm32f1xx_hal_pwr.o
LOAD ./Drivers/STM32F1xx_HAL_Driver/Src/stm32f1xx_hal_rcc.o
LOAD ./Drivers/STM32F1xx_HAL_Driver/Src/stm32f1xx_hal_rcc_ex.o
LOAD ./Drivers/STM32F1xx_HAL_Driver/Src/stm32f1xx_hal_tim.o
LOAD ./Drivers/STM32F1xx_HAL_Driver/Src/stm32f1xx_hal_tim_ex.o
START GROUP
LOAD d:/documents for work/st/stm32cubeide_1.7.0/stm32cubeide/plugins/com.st.stm32cube.ide.mcu.externaltools.gnu-tools-for-stm32.9-2020-q2-update.win32_2.0.0.202105311346/tools/bin/../lib/gcc/arm-none-eabi/9.3.1/../../../../arm-none-eabi/lib/thumb/v7-m/nofp\libc_nano.a
LOAD d:/documents for work/st/stm32cubeide_1.7.0/stm32cubeide/plugins/com.st.stm32cube.ide.mcu.externaltools.gnu-tools-for-stm32.9-2020-q2-update.win32_2.0.0.202105311346/tools/bin/../lib/gcc/arm-none-eabi/9.3.1/../../../../arm-none-eabi/lib/thumb/v7-m/nofp\libm.a
END GROUP
START GROUP
LOAD d:/documents for work/st/stm32cubeide_1.7.0/stm32cubeide/plugins/com.st.stm32cube.ide.mcu.externaltools.gnu-tools-for-stm32.9-2020-q2-update.win32_2.0.0.202105311346/tools/bin/../lib/gcc/arm-none-eabi/9.3.1/thumb/v7-m/nofp\libgcc.a
LOAD d:/documents for work/st/stm32cubeide_1.7.0/stm32cubeide/plugins/com.st.stm32cube.ide.mcu.externaltools.gnu-tools-for-stm32.9-2020-q2-update.win32_2.0.0.202105311346/tools/bin/../lib/gcc/arm-none-eabi/9.3.1/../../../../arm-none-eabi/lib/thumb/v7-m/nofp\libc_nano.a
END GROUP
START GROUP
LOAD d:/documents for work/st/stm32cubeide_1.7.0/stm32cubeide/plugins/com.st.stm32cube.ide.mcu.externaltools.gnu-tools-for-stm32.9-2020-q2-update.win32_2.0.0.202105311346/tools/bin/../lib/gcc/arm-none-eabi/9.3.1/thumb/v7-m/nofp\libgcc.a
LOAD d:/documents for work/st/stm32cubeide_1.7.0/stm32cubeide/plugins/com.st.stm32cube.ide.mcu.externaltools.gnu-tools-for-stm32.9-2020-q2-update.win32_2.0.0.202105311346/tools/bin/../lib/gcc/arm-none-eabi/9.3.1/../../../../arm-none-eabi/lib/thumb/v7-m/nofp\libc_nano.a
LOAD d:/documents for work/st/stm32cubeide_1.7.0/stm32cubeide/plugins/com.st.stm32cube.ide.mcu.externaltools.gnu-tools-for-stm32.9-2020-q2-update.win32_2.0.0.202105311346/tools/bin/../lib/gcc/arm-none-eabi/9.3.1/../../../../arm-none-eabi/lib/thumb/v7-m/nofp\libnosys.a
END GROUP
START GROUP
LOAD d:/documents for work/st/stm32cubeide_1.7.0/stm32cubeide/plugins/com.st.stm32cube.ide.mcu.externaltools.gnu-tools-for-stm32.9-2020-q2-update.win32_2.0.0.202105311346/tools/bin/../lib/gcc/arm-none-eabi/9.3.1/thumb/v7-m/nofp\libgcc.a
LOAD d:/documents for work/st/stm32cubeide_1.7.0/stm32cubeide/plugins/com.st.stm32cube.ide.mcu.externaltools.gnu-tools-for-stm32.9-2020-q2-update.win32_2.0.0.202105311346/tools/bin/../lib/gcc/arm-none-eabi/9.3.1/../../../../arm-none-eabi/lib/thumb/v7-m/nofp\libc_nano.a
LOAD d:/documents for work/st/stm32cubeide_1.7.0/stm32cubeide/plugins/com.st.stm32cube.ide.mcu.externaltools.gnu-tools-for-stm32.9-2020-q2-update.win32_2.0.0.202105311346/tools/bin/../lib/gcc/arm-none-eabi/9.3.1/../../../../arm-none-eabi/lib/thumb/v7-m/nofp\libnosys.a
END GROUP
LOAD d:/documents for work/st/stm32cubeide_1.7.0/stm32cubeide/plugins/com.st.stm32cube.ide.mcu.externaltools.gnu-tools-for-stm32.9-2020-q2-update.win32_2.0.0.202105311346/tools/bin/../lib/gcc/arm-none-eabi/9.3.1/thumb/v7-m/nofp/crtend.o
LOAD d:/documents for work/st/stm32cubeide_1.7.0/stm32cubeide/plugins/com.st.stm32cube.ide.mcu.externaltools.gnu-tools-for-stm32.9-2020-q2-update.win32_2.0.0.202105311346/tools/bin/../lib/gcc/arm-none-eabi/9.3.1/thumb/v7-m/nofp/crtn.o
                0x0000000020002800                _estack = (ORIGIN (RAM) + LENGTH (RAM))
                0x0000000000000200                _Min_Heap_Size = 0x200
                0x0000000000000400                _Min_Stack_Size = 0x400

.isr_vector     0x0000000008000000      0x10c
                0x0000000008000000                . = ALIGN (0x4)
 *(.isr_vector)
 .isr_vector    0x0000000008000000      0x10c ./Core/Startup/startup_stm32f103c6ux.o
                0x0000000008000000                g_pfnVectors
                0x000000000800010c                . = ALIGN (0x4)

.text           0x000000000800010c     0x2b88
                0x000000000800010c                . = ALIGN (0x4)
 *(.text)
 .text          0x000000000800010c       0x40 d:/documents for work/st/stm32cubeide_1.7.0/stm32cubeide/plugins/com.st.stm32cube.ide.mcu.externaltools.gnu-tools-for-stm32.9-2020-q2-update.win32_2.0.0.202105311346/tools/bin/../lib/gcc/arm-none-eabi/9.3.1/thumb/v7-m/nofp/crtbegin.o
 *(.text*)
 .text.IsButtonPress
                0x000000000800014c       0x34 ./Core/Src/button.o
                0x000000000800014c                IsButtonPress
 .text.subKeyProcess
                0x0000000008000180       0x20 ./Core/Src/button.o
                0x0000000008000180                subKeyProcess
 .text.getIndex
                0x00000000080001a0       0x6c ./Core/Src/button.o
                0x00000000080001a0                getIndex
 .text.getKeyInput
                0x000000000800020c       0xfc ./Core/Src/button.o
                0x000000000800020c                getKeyInput
 .text.display7SEGA
                0x0000000008000308      0x190 ./Core/Src/control_7seg.o
                0x0000000008000308                display7SEGA
 .text.display7SEGB
                0x0000000008000498      0x1cc ./Core/Src/control_7seg.o
                0x0000000008000498                display7SEGB
 .text.update_indexA
                0x0000000008000664       0x5c ./Core/Src/control_7seg.o
                0x0000000008000664                update_indexA
 .text.update_indexB
                0x00000000080006c0       0x5c ./Core/Src/control_7seg.o
                0x00000000080006c0                update_indexB
 .text.update_7seg_A
                0x000000000800071c       0x6c ./Core/Src/control_7seg.o
                0x000000000800071c                update_7seg_A
 .text.update_7seg_B
                0x0000000008000788       0x6c ./Core/Src/control_7seg.o
                0x0000000008000788                update_7seg_B
 .text.displayTraffic
                0x00000000080007f4      0x11c ./Core/Src/control_traffic.o
                0x00000000080007f4                displayTraffic
 .text.fsm_7segA
                0x0000000008000910      0x108 ./Core/Src/fsm_7seg.o
                0x0000000008000910                fsm_7segA
 .text.fsm_7segB
                0x0000000008000a18      0x108 ./Core/Src/fsm_7seg.o
                0x0000000008000a18                fsm_7segB
 .text.fsm_7seg_run
                0x0000000008000b20       0x10 ./Core/Src/fsm_7seg.o
                0x0000000008000b20                fsm_7seg_run
 .text.fsm_automatic_run_A
                0x0000000008000b30       0xc4 ./Core/Src/fsm_automatic.o
                0x0000000008000b30                fsm_automatic_run_A
 .text.fsm_automatic_run_B
                0x0000000008000bf4       0xc4 ./Core/Src/fsm_automatic.o
                0x0000000008000bf4                fsm_automatic_run_B
 .text.fsm_automatic_run
                0x0000000008000cb8       0x10 ./Core/Src/fsm_automatic.o
                0x0000000008000cb8                fsm_automatic_run
 .text.fsm_manual_run_A
                0x0000000008000cc8       0x64 ./Core/Src/fsm_manual.o
                0x0000000008000cc8                fsm_manual_run_A
 .text.fsm_manual_run_B
                0x0000000008000d2c       0x5c ./Core/Src/fsm_manual.o
                0x0000000008000d2c                fsm_manual_run_B
 .text.fsm_manual_run
                0x0000000008000d88       0x10 ./Core/Src/fsm_manual.o
                0x0000000008000d88                fsm_manual_run
 .text.countPressButton1
                0x0000000008000d98       0x30 ./Core/Src/fsm_setting.o
                0x0000000008000d98                countPressButton1
 .text.fsm_mode
                0x0000000008000dc8      0x1f4 ./Core/Src/fsm_setting.o
                0x0000000008000dc8                fsm_mode
 .text.main     0x0000000008000fbc       0x54 ./Core/Src/main.o
                0x0000000008000fbc                main
 .text.SystemClock_Config
                0x0000000008001010       0x76 ./Core/Src/main.o
                0x0000000008001010                SystemClock_Config
 *fill*         0x0000000008001086        0x2 
 .text.MX_TIM2_Init
                0x0000000008001088       0x98 ./Core/Src/main.o
 .text.MX_GPIO_Init
                0x0000000008001120       0xfc ./Core/Src/main.o
 .text.HAL_TIM_PeriodElapsedCallback
                0x000000000800121c       0x18 ./Core/Src/main.o
                0x000000000800121c                HAL_TIM_PeriodElapsedCallback
 .text.Error_Handler
                0x0000000008001234        0xa ./Core/Src/main.o
                0x0000000008001234                Error_Handler
 *fill*         0x000000000800123e        0x2 
 .text.setTimer
                0x0000000008001240       0x40 ./Core/Src/software_timer.o
                0x0000000008001240                setTimer
 .text.timerun  0x0000000008001280       0x60 ./Core/Src/software_timer.o
                0x0000000008001280                timerun
 .text.HAL_MspInit
                0x00000000080012e0       0x64 ./Core/Src/stm32f1xx_hal_msp.o
                0x00000000080012e0                HAL_MspInit
 .text.HAL_TIM_Base_MspInit
                0x0000000008001344       0x48 ./Core/Src/stm32f1xx_hal_msp.o
                0x0000000008001344                HAL_TIM_Base_MspInit
 .text.NMI_Handler
                0x000000000800138c        0x6 ./Core/Src/stm32f1xx_it.o
                0x000000000800138c                NMI_Handler
 .text.HardFault_Handler
                0x0000000008001392        0x6 ./Core/Src/stm32f1xx_it.o
                0x0000000008001392                HardFault_Handler
 .text.MemManage_Handler
                0x0000000008001398        0x6 ./Core/Src/stm32f1xx_it.o
                0x0000000008001398                MemManage_Handler
 .text.BusFault_Handler
                0x000000000800139e        0x6 ./Core/Src/stm32f1xx_it.o
                0x000000000800139e                BusFault_Handler
 .text.UsageFault_Handler
                0x00000000080013a4        0x6 ./Core/Src/stm32f1xx_it.o
                0x00000000080013a4                UsageFault_Handler
 .text.SVC_Handler
                0x00000000080013aa        0xc ./Core/Src/stm32f1xx_it.o
                0x00000000080013aa                SVC_Handler
 .text.DebugMon_Handler
                0x00000000080013b6        0xc ./Core/Src/stm32f1xx_it.o
                0x00000000080013b6                DebugMon_Handler
 .text.PendSV_Handler
                0x00000000080013c2        0xc ./Core/Src/stm32f1xx_it.o
                0x00000000080013c2                PendSV_Handler
 .text.SysTick_Handler
                0x00000000080013ce        0xc ./Core/Src/stm32f1xx_it.o
                0x00000000080013ce                SysTick_Handler
 *fill*         0x00000000080013da        0x2 
 .text.TIM2_IRQHandler
                0x00000000080013dc       0x14 ./Core/Src/stm32f1xx_it.o
                0x00000000080013dc                TIM2_IRQHandler
 .text.SystemInit
                0x00000000080013f0        0xc ./Core/Src/system_stm32f1xx.o
                0x00000000080013f0                SystemInit
 .text.timer_check
                0x00000000080013fc       0x50 ./Core/Src/timer_check.o
                0x00000000080013fc                timer_check
 .text.status_LED_A
                0x000000000800144c       0xdc ./Core/Src/update_status_traffic.o
                0x000000000800144c                status_LED_A
 .text.status_LED_B
                0x0000000008001528       0xdc ./Core/Src/update_status_traffic.o
                0x0000000008001528                status_LED_B
 .text.Reset_Handler
                0x0000000008001604       0x48 ./Core/Startup/startup_stm32f103c6ux.o
                0x0000000008001604                Reset_Handler
 .text.Default_Handler
                0x000000000800164c        0x2 ./Core/Startup/startup_stm32f103c6ux.o
                0x000000000800164c                RTC_Alarm_IRQHandler
                0x000000000800164c                EXTI2_IRQHandler
                0x000000000800164c                TIM1_CC_IRQHandler
                0x000000000800164c                PVD_IRQHandler
                0x000000000800164c                EXTI3_IRQHandler
                0x000000000800164c                EXTI0_IRQHandler
                0x000000000800164c                ADC1_2_IRQHandler
                0x000000000800164c                SPI1_IRQHandler
                0x000000000800164c                TAMPER_IRQHandler
                0x000000000800164c                DMA1_Channel4_IRQHandler
                0x000000000800164c                RTC_IRQHandler
                0x000000000800164c                DMA1_Channel7_IRQHandler
                0x000000000800164c                CAN1_RX1_IRQHandler
                0x000000000800164c                I2C1_EV_IRQHandler
                0x000000000800164c                DMA1_Channel6_IRQHandler
                0x000000000800164c                TIM3_IRQHandler
                0x000000000800164c                RCC_IRQHandler
                0x000000000800164c                TIM1_TRG_COM_IRQHandler
                0x000000000800164c                DMA1_Channel1_IRQHandler
                0x000000000800164c                Default_Handler
                0x000000000800164c                EXTI15_10_IRQHandler
                0x000000000800164c                EXTI9_5_IRQHandler
                0x000000000800164c                DMA1_Channel5_IRQHandler
                0x000000000800164c                EXTI4_IRQHandler
                0x000000000800164c                USB_LP_CAN1_RX0_IRQHandler
                0x000000000800164c                USB_HP_CAN1_TX_IRQHandler
                0x000000000800164c                DMA1_Channel3_IRQHandler
                0x000000000800164c                TIM1_UP_IRQHandler
                0x000000000800164c                WWDG_IRQHandler
                0x000000000800164c                TIM1_BRK_IRQHandler
                0x000000000800164c                EXTI1_IRQHandler
                0x000000000800164c                USART2_IRQHandler
                0x000000000800164c                DMA1_Channel2_IRQHandler
                0x000000000800164c                CAN1_SCE_IRQHandler
                0x000000000800164c                FLASH_IRQHandler
                0x000000000800164c                USART1_IRQHandler
                0x000000000800164c                I2C1_ER_IRQHandler
                0x000000000800164c                USBWakeUp_IRQHandler
 *fill*         0x000000000800164e        0x2 
 .text.HAL_Init
                0x0000000008001650       0x2c ./Drivers/STM32F1xx_HAL_Driver/Src/stm32f1xx_hal.o
                0x0000000008001650                HAL_Init
 .text.HAL_InitTick
                0x000000000800167c       0x60 ./Drivers/STM32F1xx_HAL_Driver/Src/stm32f1xx_hal.o
                0x000000000800167c                HAL_InitTick
 .text.HAL_IncTick
                0x00000000080016dc       0x24 ./Drivers/STM32F1xx_HAL_Driver/Src/stm32f1xx_hal.o
                0x00000000080016dc                HAL_IncTick
 .text.HAL_GetTick
                0x0000000008001700       0x14 ./Drivers/STM32F1xx_HAL_Driver/Src/stm32f1xx_hal.o
                0x0000000008001700                HAL_GetTick
 .text.__NVIC_SetPriorityGrouping
                0x0000000008001714       0x48 ./Drivers/STM32F1xx_HAL_Driver/Src/stm32f1xx_hal_cortex.o
 .text.__NVIC_GetPriorityGrouping
                0x000000000800175c       0x1c ./Drivers/STM32F1xx_HAL_Driver/Src/stm32f1xx_hal_cortex.o
 .text.__NVIC_EnableIRQ
                0x0000000008001778       0x38 ./Drivers/STM32F1xx_HAL_Driver/Src/stm32f1xx_hal_cortex.o
 .text.__NVIC_SetPriority
                0x00000000080017b0       0x54 ./Drivers/STM32F1xx_HAL_Driver/Src/stm32f1xx_hal_cortex.o
 .text.NVIC_EncodePriority
                0x0000000008001804       0x64 ./Drivers/STM32F1xx_HAL_Driver/Src/stm32f1xx_hal_cortex.o
 .text.SysTick_Config
                0x0000000008001868       0x44 ./Drivers/STM32F1xx_HAL_Driver/Src/stm32f1xx_hal_cortex.o
 .text.HAL_NVIC_SetPriorityGrouping
                0x00000000080018ac       0x16 ./Drivers/STM32F1xx_HAL_Driver/Src/stm32f1xx_hal_cortex.o
                0x00000000080018ac                HAL_NVIC_SetPriorityGrouping
 .text.HAL_NVIC_SetPriority
                0x00000000080018c2       0x38 ./Drivers/STM32F1xx_HAL_Driver/Src/stm32f1xx_hal_cortex.o
                0x00000000080018c2                HAL_NVIC_SetPriority
 .text.HAL_NVIC_EnableIRQ
                0x00000000080018fa       0x1c ./Drivers/STM32F1xx_HAL_Driver/Src/stm32f1xx_hal_cortex.o
                0x00000000080018fa                HAL_NVIC_EnableIRQ
 .text.HAL_SYSTICK_Config
                0x0000000008001916       0x18 ./Drivers/STM32F1xx_HAL_Driver/Src/stm32f1xx_hal_cortex.o
                0x0000000008001916                HAL_SYSTICK_Config
 *fill*         0x000000000800192e        0x2 
 .text.HAL_GPIO_Init
                0x0000000008001930      0x2f4 ./Drivers/STM32F1xx_HAL_Driver/Src/stm32f1xx_hal_gpio.o
                0x0000000008001930                HAL_GPIO_Init
 .text.HAL_GPIO_ReadPin
                0x0000000008001c24       0x2e ./Drivers/STM32F1xx_HAL_Driver/Src/stm32f1xx_hal_gpio.o
                0x0000000008001c24                HAL_GPIO_ReadPin
 .text.HAL_GPIO_WritePin
                0x0000000008001c52       0x30 ./Drivers/STM32F1xx_HAL_Driver/Src/stm32f1xx_hal_gpio.o
                0x0000000008001c52                HAL_GPIO_WritePin
 .text.HAL_GPIO_TogglePin
                0x0000000008001c82       0x32 ./Drivers/STM32F1xx_HAL_Driver/Src/stm32f1xx_hal_gpio.o
                0x0000000008001c82                HAL_GPIO_TogglePin
 .text.HAL_RCC_OscConfig
                0x0000000008001cb4      0x500 ./Drivers/STM32F1xx_HAL_Driver/Src/stm32f1xx_hal_rcc.o
                0x0000000008001cb4                HAL_RCC_OscConfig
 .text.HAL_RCC_ClockConfig
                0x00000000080021b4      0x1d4 ./Drivers/STM32F1xx_HAL_Driver/Src/stm32f1xx_hal_rcc.o
                0x00000000080021b4                HAL_RCC_ClockConfig
 .text.HAL_RCC_GetSysClockFreq
                0x0000000008002388       0xa8 ./Drivers/STM32F1xx_HAL_Driver/Src/stm32f1xx_hal_rcc.o
                0x0000000008002388                HAL_RCC_GetSysClockFreq
 .text.RCC_Delay
                0x0000000008002430       0x3c ./Drivers/STM32F1xx_HAL_Driver/Src/stm32f1xx_hal_rcc.o
 .text.HAL_TIM_Base_Init
                0x000000000800246c       0x9e ./Drivers/STM32F1xx_HAL_Driver/Src/stm32f1xx_hal_tim.o
                0x000000000800246c                HAL_TIM_Base_Init
 *fill*         0x000000000800250a        0x2 
 .text.HAL_TIM_Base_Start_IT
                0x000000000800250c       0x98 ./Drivers/STM32F1xx_HAL_Driver/Src/stm32f1xx_hal_tim.o
                0x000000000800250c                HAL_TIM_Base_Start_IT
 .text.HAL_TIM_IRQHandler
                0x00000000080025a4      0x1e0 ./Drivers/STM32F1xx_HAL_Driver/Src/stm32f1xx_hal_tim.o
                0x00000000080025a4                HAL_TIM_IRQHandler
 .text.HAL_TIM_ConfigClockSource
                0x0000000008002784      0x18e ./Drivers/STM32F1xx_HAL_Driver/Src/stm32f1xx_hal_tim.o
                0x0000000008002784                HAL_TIM_ConfigClockSource
 .text.HAL_TIM_OC_DelayElapsedCallback
                0x0000000008002912       0x12 ./Drivers/STM32F1xx_HAL_Driver/Src/stm32f1xx_hal_tim.o
                0x0000000008002912                HAL_TIM_OC_DelayElapsedCallback
 .text.HAL_TIM_IC_CaptureCallback
                0x0000000008002924       0x12 ./Drivers/STM32F1xx_HAL_Driver/Src/stm32f1xx_hal_tim.o
                0x0000000008002924                HAL_TIM_IC_CaptureCallback
 .text.HAL_TIM_PWM_PulseFinishedCallback
                0x0000000008002936       0x12 ./Drivers/STM32F1xx_HAL_Driver/Src/stm32f1xx_hal_tim.o
                0x0000000008002936                HAL_TIM_PWM_PulseFinishedCallback
 .text.HAL_TIM_TriggerCallback
                0x0000000008002948       0x12 ./Drivers/STM32F1xx_HAL_Driver/Src/stm32f1xx_hal_tim.o
                0x0000000008002948                HAL_TIM_TriggerCallback
 *fill*         0x000000000800295a        0x2 
 .text.TIM_Base_SetConfig
                0x000000000800295c       0xc8 ./Drivers/STM32F1xx_HAL_Driver/Src/stm32f1xx_hal_tim.o
                0x000000000800295c                TIM_Base_SetConfig
 .text.TIM_TI1_ConfigInputStage
                0x0000000008002a24       0x5c ./Drivers/STM32F1xx_HAL_Driver/Src/stm32f1xx_hal_tim.o
 .text.TIM_TI2_ConfigInputStage
                0x0000000008002a80       0x5e ./Drivers/STM32F1xx_HAL_Driver/Src/stm32f1xx_hal_tim.o
 .text.TIM_ITRx_SetConfig
                0x0000000008002ade       0x34 ./Drivers/STM32F1xx_HAL_Driver/Src/stm32f1xx_hal_tim.o
 .text.TIM_ETR_SetConfig
                0x0000000008002b12       0x3e ./Drivers/STM32F1xx_HAL_Driver/Src/stm32f1xx_hal_tim.o
                0x0000000008002b12                TIM_ETR_SetConfig
 .text.HAL_TIMEx_MasterConfigSynchronization
                0x0000000008002b50       0xb0 ./Drivers/STM32F1xx_HAL_Driver/Src/stm32f1xx_hal_tim_ex.o
                0x0000000008002b50                HAL_TIMEx_MasterConfigSynchronization
 .text.HAL_TIMEx_CommutCallback
                0x0000000008002c00       0x12 ./Drivers/STM32F1xx_HAL_Driver/Src/stm32f1xx_hal_tim_ex.o
                0x0000000008002c00                HAL_TIMEx_CommutCallback
 .text.HAL_TIMEx_BreakCallback
                0x0000000008002c12       0x12 ./Drivers/STM32F1xx_HAL_Driver/Src/stm32f1xx_hal_tim_ex.o
                0x0000000008002c12                HAL_TIMEx_BreakCallback
 .text.__libc_init_array
                0x0000000008002c24       0x48 d:/documents for work/st/stm32cubeide_1.7.0/stm32cubeide/plugins/com.st.stm32cube.ide.mcu.externaltools.gnu-tools-for-stm32.9-2020-q2-update.win32_2.0.0.202105311346/tools/bin/../lib/gcc/arm-none-eabi/9.3.1/../../../../arm-none-eabi/lib/thumb/v7-m/nofp\libc_nano.a(lib_a-init.o)
                0x0000000008002c24                __libc_init_array
 .text.memset   0x0000000008002c6c       0x10 d:/documents for work/st/stm32cubeide_1.7.0/stm32cubeide/plugins/com.st.stm32cube.ide.mcu.externaltools.gnu-tools-for-stm32.9-2020-q2-update.win32_2.0.0.202105311346/tools/bin/../lib/gcc/arm-none-eabi/9.3.1/../../../../arm-none-eabi/lib/thumb/v7-m/nofp\libc_nano.a(lib_a-memset.o)
                0x0000000008002c6c                memset
 *(.glue_7)
 .glue_7        0x0000000008002c7c        0x0 linker stubs
 *(.glue_7t)
 .glue_7t       0x0000000008002c7c        0x0 linker stubs
 *(.eh_frame)
 .eh_frame      0x0000000008002c7c        0x0 d:/documents for work/st/stm32cubeide_1.7.0/stm32cubeide/plugins/com.st.stm32cube.ide.mcu.externaltools.gnu-tools-for-stm32.9-2020-q2-update.win32_2.0.0.202105311346/tools/bin/../lib/gcc/arm-none-eabi/9.3.1/thumb/v7-m/nofp/crtbegin.o
 *(.init)
 .init          0x0000000008002c7c        0x4 d:/documents for work/st/stm32cubeide_1.7.0/stm32cubeide/plugins/com.st.stm32cube.ide.mcu.externaltools.gnu-tools-for-stm32.9-2020-q2-update.win32_2.0.0.202105311346/tools/bin/../lib/gcc/arm-none-eabi/9.3.1/thumb/v7-m/nofp/crti.o
                0x0000000008002c7c                _init
 .init          0x0000000008002c80        0x8 d:/documents for work/st/stm32cubeide_1.7.0/stm32cubeide/plugins/com.st.stm32cube.ide.mcu.externaltools.gnu-tools-for-stm32.9-2020-q2-update.win32_2.0.0.202105311346/tools/bin/../lib/gcc/arm-none-eabi/9.3.1/thumb/v7-m/nofp/crtn.o
 *(.fini)
 .fini          0x0000000008002c88        0x4 d:/documents for work/st/stm32cubeide_1.7.0/stm32cubeide/plugins/com.st.stm32cube.ide.mcu.externaltools.gnu-tools-for-stm32.9-2020-q2-update.win32_2.0.0.202105311346/tools/bin/../lib/gcc/arm-none-eabi/9.3.1/thumb/v7-m/nofp/crti.o
                0x0000000008002c88                _fini
 .fini          0x0000000008002c8c        0x8 d:/documents for work/st/stm32cubeide_1.7.0/stm32cubeide/plugins/com.st.stm32cube.ide.mcu.externaltools.gnu-tools-for-stm32.9-2020-q2-update.win32_2.0.0.202105311346/tools/bin/../lib/gcc/arm-none-eabi/9.3.1/thumb/v7-m/nofp/crtn.o
                0x0000000008002c94                . = ALIGN (0x4)
                0x0000000008002c94                _etext = .

.vfp11_veneer   0x0000000008002c94        0x0
 .vfp11_veneer  0x0000000008002c94        0x0 linker stubs

.v4_bx          0x0000000008002c94        0x0
 .v4_bx         0x0000000008002c94        0x0 linker stubs

.iplt           0x0000000008002c94        0x0
 .iplt          0x0000000008002c94        0x0 d:/documents for work/st/stm32cubeide_1.7.0/stm32cubeide/plugins/com.st.stm32cube.ide.mcu.externaltools.gnu-tools-for-stm32.9-2020-q2-update.win32_2.0.0.202105311346/tools/bin/../lib/gcc/arm-none-eabi/9.3.1/thumb/v7-m/nofp/crtbegin.o

.rodata         0x0000000008002c94       0x24
                0x0000000008002c94                . = ALIGN (0x4)
 *(.rodata)
 *(.rodata*)
 .rodata.AHBPrescTable
                0x0000000008002c94       0x10 ./Core/Src/system_stm32f1xx.o
                0x0000000008002c94                AHBPrescTable
 .rodata.aPLLMULFactorTable.6032
                0x0000000008002ca4       0x10 ./Drivers/STM32F1xx_HAL_Driver/Src/stm32f1xx_hal_rcc.o
 .rodata.aPredivFactorTable.6033
                0x0000000008002cb4        0x2 ./Drivers/STM32F1xx_HAL_Driver/Src/stm32f1xx_hal_rcc.o
                0x0000000008002cb8                . = ALIGN (0x4)
 *fill*         0x0000000008002cb6        0x2 

.rel.dyn        0x0000000008002cb8        0x0
 .rel.iplt      0x0000000008002cb8        0x0 d:/documents for work/st/stm32cubeide_1.7.0/stm32cubeide/plugins/com.st.stm32cube.ide.mcu.externaltools.gnu-tools-for-stm32.9-2020-q2-update.win32_2.0.0.202105311346/tools/bin/../lib/gcc/arm-none-eabi/9.3.1/thumb/v7-m/nofp/crtbegin.o

.ARM.extab      0x0000000008002cb8        0x0
                0x0000000008002cb8                . = ALIGN (0x4)
 *(.ARM.extab* .gnu.linkonce.armextab.*)
                0x0000000008002cb8                . = ALIGN (0x4)

.ARM            0x0000000008002cb8        0x0
                0x0000000008002cb8                . = ALIGN (0x4)
                0x0000000008002cb8                __exidx_start = .
 *(.ARM.exidx*)
                0x0000000008002cb8                __exidx_end = .
                0x0000000008002cb8                . = ALIGN (0x4)

.preinit_array  0x0000000008002cb8        0x0
                0x0000000008002cb8                . = ALIGN (0x4)
                0x0000000008002cb8                PROVIDE (__preinit_array_start = .)
 *(.preinit_array*)
                0x0000000008002cb8                PROVIDE (__preinit_array_end = .)
                0x0000000008002cb8                . = ALIGN (0x4)

.init_array     0x0000000008002cb8        0x4
                0x0000000008002cb8                . = ALIGN (0x4)
                0x0000000008002cb8                PROVIDE (__init_array_start = .)
 *(SORT_BY_NAME(.init_array.*))
 *(.init_array*)
 .init_array    0x0000000008002cb8        0x4 d:/documents for work/st/stm32cubeide_1.7.0/stm32cubeide/plugins/com.st.stm32cube.ide.mcu.externaltools.gnu-tools-for-stm32.9-2020-q2-update.win32_2.0.0.202105311346/tools/bin/../lib/gcc/arm-none-eabi/9.3.1/thumb/v7-m/nofp/crtbegin.o
                0x0000000008002cbc                PROVIDE (__init_array_end = .)
                0x0000000008002cbc                . = ALIGN (0x4)

.fini_array     0x0000000008002cbc        0x4
                0x0000000008002cbc                . = ALIGN (0x4)
                [!provide]                        PROVIDE (__fini_array_start = .)
 *(SORT_BY_NAME(.fini_array.*))
 *(.fini_array*)
 .fini_array    0x0000000008002cbc        0x4 d:/documents for work/st/stm32cubeide_1.7.0/stm32cubeide/plugins/com.st.stm32cube.ide.mcu.externaltools.gnu-tools-for-stm32.9-2020-q2-update.win32_2.0.0.202105311346/tools/bin/../lib/gcc/arm-none-eabi/9.3.1/thumb/v7-m/nofp/crtbegin.o
                [!provide]                        PROVIDE (__fini_array_end = .)
                0x0000000008002cc0                . = ALIGN (0x4)
                0x0000000008002cc0                _sidata = LOADADDR (.data)

.data           0x0000000020000000       0x90 load address 0x0000000008002cc0
                0x0000000020000000                . = ALIGN (0x4)
                0x0000000020000000                _sdata = .
 *(.data)
 *(.data*)
 .data.KeyReg0  0x0000000020000000       0x14 ./Core/Src/button.o
                0x0000000020000000                KeyReg0
 .data.KeyReg1  0x0000000020000014       0x14 ./Core/Src/button.o
                0x0000000020000014                KeyReg1
 .data.KeyReg2  0x0000000020000028       0x14 ./Core/Src/button.o
                0x0000000020000028                KeyReg2
 .data.KeyReg3  0x000000002000003c       0x14 ./Core/Src/button.o
                0x000000002000003c                KeyReg3
 .data.TimerForKeyPress
                0x0000000020000050       0x14 ./Core/Src/button.o
                0x0000000020000050                TimerForKeyPress
 .data.status_RED_A
                0x0000000020000064        0x4 ./Core/Src/control_traffic.o
                0x0000000020000064                status_RED_A
 .data.status_GREEN_B
                0x0000000020000068        0x4 ./Core/Src/control_traffic.o
                0x0000000020000068                status_GREEN_B
 .data.RED_Timer
                0x000000002000006c        0x4 ./Core/Src/fsm_automatic.o
                0x000000002000006c                RED_Timer
 .data.YELLOW_Timer
                0x0000000020000070        0x4 ./Core/Src/fsm_automatic.o
                0x0000000020000070                YELLOW_Timer
 .data.GREEN_Timer
                0x0000000020000074        0x4 ./Core/Src/fsm_automatic.o
                0x0000000020000074                GREEN_Timer
 .data.count_RED
                0x0000000020000078        0x4 ./Core/Src/fsm_setting.o
                0x0000000020000078                count_RED
 .data.count_GREEN
                0x000000002000007c        0x4 ./Core/Src/fsm_setting.o
                0x000000002000007c                count_GREEN
 .data.count_YELLOW
                0x0000000020000080        0x4 ./Core/Src/fsm_setting.o
                0x0000000020000080                count_YELLOW
 .data.SystemCoreClock
                0x0000000020000084        0x4 ./Core/Src/system_stm32f1xx.o
                0x0000000020000084                SystemCoreClock
 .data.uwTickPrio
                0x0000000020000088        0x4 ./Drivers/STM32F1xx_HAL_Driver/Src/stm32f1xx_hal.o
                0x0000000020000088                uwTickPrio
 .data.uwTickFreq
                0x000000002000008c        0x1 ./Drivers/STM32F1xx_HAL_Driver/Src/stm32f1xx_hal.o
                0x000000002000008c                uwTickFreq
 *(.RamFunc)
 *(.RamFunc*)
                0x0000000020000090                . = ALIGN (0x4)
 *fill*         0x000000002000008d        0x3 
                0x0000000020000090                _edata = .

.igot.plt       0x0000000020000090        0x0 load address 0x0000000008002d50
 .igot.plt      0x0000000020000090        0x0 d:/documents for work/st/stm32cubeide_1.7.0/stm32cubeide/plugins/com.st.stm32cube.ide.mcu.externaltools.gnu-tools-for-stm32.9-2020-q2-update.win32_2.0.0.202105311346/tools/bin/../lib/gcc/arm-none-eabi/9.3.1/thumb/v7-m/nofp/crtbegin.o
                0x0000000020000090                . = ALIGN (0x4)

.bss            0x0000000020000090      0x11c load address 0x0000000008002d50
                0x0000000020000090                _sbss = .
                0x0000000020000090                __bss_start__ = _sbss
 *(.bss)
 .bss           0x0000000020000090       0x1c d:/documents for work/st/stm32cubeide_1.7.0/stm32cubeide/plugins/com.st.stm32cube.ide.mcu.externaltools.gnu-tools-for-stm32.9-2020-q2-update.win32_2.0.0.202105311346/tools/bin/../lib/gcc/arm-none-eabi/9.3.1/thumb/v7-m/nofp/crtbegin.o
 *(.bss*)
 .bss.status_GREEN_A
                0x00000000200000ac        0x4 ./Core/Src/control_traffic.o
                0x00000000200000ac                status_GREEN_A
 .bss.status_YELLOW_A
                0x00000000200000b0        0x4 ./Core/Src/control_traffic.o
                0x00000000200000b0                status_YELLOW_A
 .bss.status_RED_B
                0x00000000200000b4        0x4 ./Core/Src/control_traffic.o
                0x00000000200000b4                status_RED_B
 .bss.status_YELLOW_B
                0x00000000200000b8        0x4 ./Core/Src/control_traffic.o
                0x00000000200000b8                status_YELLOW_B
 .bss.countTemp
                0x00000000200000bc        0x4 ./Core/Src/fsm_setting.o
                0x00000000200000bc                countTemp
 .bss.status_A  0x00000000200000c0        0x4 ./Core/Src/global.o
                0x00000000200000c0                status_A
 .bss.status_B  0x00000000200000c4        0x4 ./Core/Src/global.o
                0x00000000200000c4                status_B
 .bss.status_mode
                0x00000000200000c8        0x4 ./Core/Src/global.o
                0x00000000200000c8                status_mode
 .bss.switch_7seg
                0x00000000200000cc        0x4 ./Core/Src/timer_check.o
                0x00000000200000cc                switch_7seg
 *(COMMON)
 COMMON         0x00000000200000d0       0x28 ./Core/Src/button.o
                0x00000000200000d0                button_flag
                0x00000000200000e4                button_LongPress_flag
 COMMON         0x00000000200000f8       0x10 ./Core/Src/control_7seg.o
                0x00000000200000f8                buffer_indexB
                0x0000000020000100                buffer_indexA
 COMMON         0x0000000020000108        0x8 ./Core/Src/fsm_7seg.o
                0x0000000020000108                countDownA
                0x000000002000010c                countDownB
 COMMON         0x0000000020000110       0x48 ./Core/Src/main.o
                0x0000000020000110                htim2
 COMMON         0x0000000020000158       0x50 ./Core/Src/software_timer.o
                0x0000000020000158                timer_counter
                0x0000000020000180                timer_flag
 COMMON         0x00000000200001a8        0x4 ./Drivers/STM32F1xx_HAL_Driver/Src/stm32f1xx_hal.o
                0x00000000200001a8                uwTick
                0x00000000200001ac                . = ALIGN (0x4)
                0x00000000200001ac                _ebss = .
                0x00000000200001ac                __bss_end__ = _ebss

._user_heap_stack
                0x00000000200001ac      0x604 load address 0x0000000008002d50
                0x00000000200001b0                . = ALIGN (0x8)
 *fill*         0x00000000200001ac        0x4 
                [!provide]                        PROVIDE (end = .)
                0x00000000200001b0                PROVIDE (_end = .)
                0x00000000200003b0                . = (. + _Min_Heap_Size)
 *fill*         0x00000000200001b0      0x200 
                0x00000000200007b0                . = (. + _Min_Stack_Size)
 *fill*         0x00000000200003b0      0x400 
                0x00000000200007b0                . = ALIGN (0x8)

/DISCARD/
 libc.a(*)
 libm.a(*)
 libgcc.a(*)

.ARM.attributes
                0x0000000000000000       0x29
 *(.ARM.attributes)
 .ARM.attributes
                0x0000000000000000       0x1d d:/documents for work/st/stm32cubeide_1.7.0/stm32cubeide/plugins/com.st.stm32cube.ide.mcu.externaltools.gnu-tools-for-stm32.9-2020-q2-update.win32_2.0.0.202105311346/tools/bin/../lib/gcc/arm-none-eabi/9.3.1/thumb/v7-m/nofp/crti.o
 .ARM.attributes
                0x000000000000001d       0x2d d:/documents for work/st/stm32cubeide_1.7.0/stm32cubeide/plugins/com.st.stm32cube.ide.mcu.externaltools.gnu-tools-for-stm32.9-2020-q2-update.win32_2.0.0.202105311346/tools/bin/../lib/gcc/arm-none-eabi/9.3.1/thumb/v7-m/nofp/crtbegin.o
 .ARM.attributes
                0x000000000000004a       0x2d ./Core/Src/button.o
 .ARM.attributes
                0x0000000000000077       0x2d ./Core/Src/control_7seg.o
 .ARM.attributes
                0x00000000000000a4       0x2d ./Core/Src/control_traffic.o
 .ARM.attributes
                0x00000000000000d1       0x2d ./Core/Src/fsm_7seg.o
 .ARM.attributes
                0x00000000000000fe       0x2d ./Core/Src/fsm_automatic.o
 .ARM.attributes
                0x000000000000012b       0x2d ./Core/Src/fsm_manual.o
 .ARM.attributes
                0x0000000000000158       0x2d ./Core/Src/fsm_setting.o
 .ARM.attributes
                0x0000000000000185       0x33 ./Core/Src/global.o
 .ARM.attributes
                0x00000000000001b8       0x2d ./Core/Src/main.o
 .ARM.attributes
                0x00000000000001e5       0x2d ./Core/Src/software_timer.o
 .ARM.attributes
                0x0000000000000212       0x2d ./Core/Src/stm32f1xx_hal_msp.o
 .ARM.attributes
                0x000000000000023f       0x2d ./Core/Src/stm32f1xx_it.o
 .ARM.attributes
                0x000000000000026c       0x2d ./Core/Src/system_stm32f1xx.o
 .ARM.attributes
                0x0000000000000299       0x2d ./Core/Src/timer_check.o
 .ARM.attributes
                0x00000000000002c6       0x2d ./Core/Src/update_status_traffic.o
 .ARM.attributes
                0x00000000000002f3       0x21 ./Core/Startup/startup_stm32f103c6ux.o
 .ARM.attributes
                0x0000000000000314       0x2d ./Drivers/STM32F1xx_HAL_Driver/Src/stm32f1xx_hal.o
 .ARM.attributes
                0x0000000000000341       0x2d ./Drivers/STM32F1xx_HAL_Driver/Src/stm32f1xx_hal_cortex.o
 .ARM.attributes
                0x000000000000036e       0x2d ./Drivers/STM32F1xx_HAL_Driver/Src/stm32f1xx_hal_gpio.o
 .ARM.attributes
                0x000000000000039b       0x2d ./Drivers/STM32F1xx_HAL_Driver/Src/stm32f1xx_hal_rcc.o
 .ARM.attributes
                0x00000000000003c8       0x2d ./Drivers/STM32F1xx_HAL_Driver/Src/stm32f1xx_hal_tim.o
 .ARM.attributes
                0x00000000000003f5       0x2d ./Drivers/STM32F1xx_HAL_Driver/Src/stm32f1xx_hal_tim_ex.o
 .ARM.attributes
                0x0000000000000422       0x2d d:/documents for work/st/stm32cubeide_1.7.0/stm32cubeide/plugins/com.st.stm32cube.ide.mcu.externaltools.gnu-tools-for-stm32.9-2020-q2-update.win32_2.0.0.202105311346/tools/bin/../lib/gcc/arm-none-eabi/9.3.1/../../../../arm-none-eabi/lib/thumb/v7-m/nofp\libc_nano.a(lib_a-init.o)
 .ARM.attributes
                0x000000000000044f       0x2d d:/documents for work/st/stm32cubeide_1.7.0/stm32cubeide/plugins/com.st.stm32cube.ide.mcu.externaltools.gnu-tools-for-stm32.9-2020-q2-update.win32_2.0.0.202105311346/tools/bin/../lib/gcc/arm-none-eabi/9.3.1/../../../../arm-none-eabi/lib/thumb/v7-m/nofp\libc_nano.a(lib_a-memset.o)
 .ARM.attributes
                0x000000000000047c       0x1d d:/documents for work/st/stm32cubeide_1.7.0/stm32cubeide/plugins/com.st.stm32cube.ide.mcu.externaltools.gnu-tools-for-stm32.9-2020-q2-update.win32_2.0.0.202105311346/tools/bin/../lib/gcc/arm-none-eabi/9.3.1/thumb/v7-m/nofp/crtn.o
OUTPUT(Button.elf elf32-littlearm)
LOAD linker stubs
LOAD d:/documents for work/st/stm32cubeide_1.7.0/stm32cubeide/plugins/com.st.stm32cube.ide.mcu.externaltools.gnu-tools-for-stm32.9-2020-q2-update.win32_2.0.0.202105311346/tools/bin/../lib/gcc/arm-none-eabi/9.3.1/../../../../arm-none-eabi/lib/thumb/v7-m/nofp\libc.a
LOAD d:/documents for work/st/stm32cubeide_1.7.0/stm32cubeide/plugins/com.st.stm32cube.ide.mcu.externaltools.gnu-tools-for-stm32.9-2020-q2-update.win32_2.0.0.202105311346/tools/bin/../lib/gcc/arm-none-eabi/9.3.1/../../../../arm-none-eabi/lib/thumb/v7-m/nofp\libm.a
LOAD d:/documents for work/st/stm32cubeide_1.7.0/stm32cubeide/plugins/com.st.stm32cube.ide.mcu.externaltools.gnu-tools-for-stm32.9-2020-q2-update.win32_2.0.0.202105311346/tools/bin/../lib/gcc/arm-none-eabi/9.3.1/thumb/v7-m/nofp\libgcc.a

.debug_info     0x0000000000000000     0xae5f
 .debug_info    0x0000000000000000      0x4ca ./Core/Src/button.o
 .debug_info    0x00000000000004ca      0x481 ./Core/Src/control_7seg.o
 .debug_info    0x000000000000094b      0x3bf ./Core/Src/control_traffic.o
 .debug_info    0x0000000000000d0a      0x352 ./Core/Src/fsm_7seg.o
 .debug_info    0x000000000000105c      0x360 ./Core/Src/fsm_automatic.o
 .debug_info    0x00000000000013bc      0x336 ./Core/Src/fsm_manual.o
 .debug_info    0x00000000000016f2      0x34e ./Core/Src/fsm_setting.o
 .debug_info    0x0000000000001a40      0x322 ./Core/Src/global.o
 .debug_info    0x0000000000001d62      0xd33 ./Core/Src/main.o
 .debug_info    0x0000000000002a95      0x111 ./Core/Src/software_timer.o
 .debug_info    0x0000000000002ba6      0xb89 ./Core/Src/stm32f1xx_hal_msp.o
 .debug_info    0x000000000000372f      0x939 ./Core/Src/stm32f1xx_it.o
 .debug_info    0x0000000000004068      0x2be ./Core/Src/system_stm32f1xx.o
 .debug_info    0x0000000000004326      0x3a4 ./Core/Src/timer_check.o
 .debug_info    0x00000000000046ca      0x324 ./Core/Src/update_status_traffic.o
 .debug_info    0x00000000000049ee       0x22 ./Core/Startup/startup_stm32f103c6ux.o
 .debug_info    0x0000000000004a10      0x74c ./Drivers/STM32F1xx_HAL_Driver/Src/stm32f1xx_hal.o
 .debug_info    0x000000000000515c      0xbbe ./Drivers/STM32F1xx_HAL_Driver/Src/stm32f1xx_hal_cortex.o
 .debug_info    0x0000000000005d1a      0x701 ./Drivers/STM32F1xx_HAL_Driver/Src/stm32f1xx_hal_gpio.o
 .debug_info    0x000000000000641b      0x893 ./Drivers/STM32F1xx_HAL_Driver/Src/stm32f1xx_hal_rcc.o
 .debug_info    0x0000000000006cae     0x2c32 ./Drivers/STM32F1xx_HAL_Driver/Src/stm32f1xx_hal_tim.o
 .debug_info    0x00000000000098e0     0x157f ./Drivers/STM32F1xx_HAL_Driver/Src/stm32f1xx_hal_tim_ex.o

.debug_abbrev   0x0000000000000000     0x1fe6
 .debug_abbrev  0x0000000000000000      0x199 ./Core/Src/button.o
 .debug_abbrev  0x0000000000000199      0x184 ./Core/Src/control_7seg.o
 .debug_abbrev  0x000000000000031d      0x112 ./Core/Src/control_traffic.o
 .debug_abbrev  0x000000000000042f       0xd8 ./Core/Src/fsm_7seg.o
 .debug_abbrev  0x0000000000000507       0xd8 ./Core/Src/fsm_automatic.o
 .debug_abbrev  0x00000000000005df       0xc9 ./Core/Src/fsm_manual.o
 .debug_abbrev  0x00000000000006a8       0xd8 ./Core/Src/fsm_setting.o
 .debug_abbrev  0x0000000000000780       0xbc ./Core/Src/global.o
 .debug_abbrev  0x000000000000083c      0x248 ./Core/Src/main.o
 .debug_abbrev  0x0000000000000a84       0xbe ./Core/Src/software_timer.o
 .debug_abbrev  0x0000000000000b42      0x1ca ./Core/Src/stm32f1xx_hal_msp.o
 .debug_abbrev  0x0000000000000d0c      0x189 ./Core/Src/stm32f1xx_it.o
 .debug_abbrev  0x0000000000000e95      0x14e ./Core/Src/system_stm32f1xx.o
 .debug_abbrev  0x0000000000000fe3      0x109 ./Core/Src/timer_check.o
 .debug_abbrev  0x00000000000010ec       0xc9 ./Core/Src/update_status_traffic.o
 .debug_abbrev  0x00000000000011b5       0x12 ./Core/Startup/startup_stm32f103c6ux.o
 .debug_abbrev  0x00000000000011c7      0x1ed ./Drivers/STM32F1xx_HAL_Driver/Src/stm32f1xx_hal.o
 .debug_abbrev  0x00000000000013b4      0x313 ./Drivers/STM32F1xx_HAL_Driver/Src/stm32f1xx_hal_cortex.o
 .debug_abbrev  0x00000000000016c7      0x1e8 ./Drivers/STM32F1xx_HAL_Driver/Src/stm32f1xx_hal_gpio.o
 .debug_abbrev  0x00000000000018af      0x273 ./Drivers/STM32F1xx_HAL_Driver/Src/stm32f1xx_hal_rcc.o
 .debug_abbrev  0x0000000000001b22      0x25e ./Drivers/STM32F1xx_HAL_Driver/Src/stm32f1xx_hal_tim.o
 .debug_abbrev  0x0000000000001d80      0x266 ./Drivers/STM32F1xx_HAL_Driver/Src/stm32f1xx_hal_tim_ex.o

.debug_aranges  0x0000000000000000      0xb10
 .debug_aranges
                0x0000000000000000       0x38 ./Core/Src/button.o
 .debug_aranges
                0x0000000000000038       0x48 ./Core/Src/control_7seg.o
 .debug_aranges
                0x0000000000000080       0x20 ./Core/Src/control_traffic.o
 .debug_aranges
                0x00000000000000a0       0x30 ./Core/Src/fsm_7seg.o
 .debug_aranges
                0x00000000000000d0       0x30 ./Core/Src/fsm_automatic.o
 .debug_aranges
                0x0000000000000100       0x30 ./Core/Src/fsm_manual.o
 .debug_aranges
                0x0000000000000130       0x28 ./Core/Src/fsm_setting.o
 .debug_aranges
                0x0000000000000158       0x18 ./Core/Src/global.o
 .debug_aranges
                0x0000000000000170       0x48 ./Core/Src/main.o
 .debug_aranges
                0x00000000000001b8       0x28 ./Core/Src/software_timer.o
 .debug_aranges
                0x00000000000001e0       0x30 ./Core/Src/stm32f1xx_hal_msp.o
 .debug_aranges
                0x0000000000000210       0x68 ./Core/Src/stm32f1xx_it.o
 .debug_aranges
                0x0000000000000278       0x28 ./Core/Src/system_stm32f1xx.o
 .debug_aranges
                0x00000000000002a0       0x20 ./Core/Src/timer_check.o
 .debug_aranges
                0x00000000000002c0       0x28 ./Core/Src/update_status_traffic.o
 .debug_aranges
                0x00000000000002e8       0x28 ./Core/Startup/startup_stm32f103c6ux.o
 .debug_aranges
                0x0000000000000310       0xe0 ./Drivers/STM32F1xx_HAL_Driver/Src/stm32f1xx_hal.o
 .debug_aranges
                0x00000000000003f0      0x100 ./Drivers/STM32F1xx_HAL_Driver/Src/stm32f1xx_hal_cortex.o
 .debug_aranges
                0x00000000000004f0       0x58 ./Drivers/STM32F1xx_HAL_Driver/Src/stm32f1xx_hal_gpio.o
 .debug_aranges
                0x0000000000000548       0x90 ./Drivers/STM32F1xx_HAL_Driver/Src/stm32f1xx_hal_rcc.o
 .debug_aranges
                0x00000000000005d8      0x3d0 ./Drivers/STM32F1xx_HAL_Driver/Src/stm32f1xx_hal_tim.o
 .debug_aranges
                0x00000000000009a8      0x168 ./Drivers/STM32F1xx_HAL_Driver/Src/stm32f1xx_hal_tim_ex.o

.debug_ranges   0x0000000000000000      0x9b0
 .debug_ranges  0x0000000000000000       0x28 ./Core/Src/button.o
 .debug_ranges  0x0000000000000028       0x38 ./Core/Src/control_7seg.o
 .debug_ranges  0x0000000000000060       0x10 ./Core/Src/control_traffic.o
 .debug_ranges  0x0000000000000070       0x20 ./Core/Src/fsm_7seg.o
 .debug_ranges  0x0000000000000090       0x20 ./Core/Src/fsm_automatic.o
 .debug_ranges  0x00000000000000b0       0x20 ./Core/Src/fsm_manual.o
 .debug_ranges  0x00000000000000d0       0x18 ./Core/Src/fsm_setting.o
 .debug_ranges  0x00000000000000e8       0x38 ./Core/Src/main.o
 .debug_ranges  0x0000000000000120       0x18 ./Core/Src/software_timer.o
 .debug_ranges  0x0000000000000138       0x20 ./Core/Src/stm32f1xx_hal_msp.o
 .debug_ranges  0x0000000000000158       0x58 ./Core/Src/stm32f1xx_it.o
 .debug_ranges  0x00000000000001b0       0x18 ./Core/Src/system_stm32f1xx.o
 .debug_ranges  0x00000000000001c8       0x10 ./Core/Src/timer_check.o
 .debug_ranges  0x00000000000001d8       0x18 ./Core/Src/update_status_traffic.o
 .debug_ranges  0x00000000000001f0       0x20 ./Core/Startup/startup_stm32f103c6ux.o
 .debug_ranges  0x0000000000000210       0xd0 ./Drivers/STM32F1xx_HAL_Driver/Src/stm32f1xx_hal.o
 .debug_ranges  0x00000000000002e0       0xf0 ./Drivers/STM32F1xx_HAL_Driver/Src/stm32f1xx_hal_cortex.o
 .debug_ranges  0x00000000000003d0       0x48 ./Drivers/STM32F1xx_HAL_Driver/Src/stm32f1xx_hal_gpio.o
 .debug_ranges  0x0000000000000418       0x80 ./Drivers/STM32F1xx_HAL_Driver/Src/stm32f1xx_hal_rcc.o
 .debug_ranges  0x0000000000000498      0x3c0 ./Drivers/STM32F1xx_HAL_Driver/Src/stm32f1xx_hal_tim.o
 .debug_ranges  0x0000000000000858      0x158 ./Drivers/STM32F1xx_HAL_Driver/Src/stm32f1xx_hal_tim_ex.o

.debug_macro    0x0000000000000000    0x17b4d
 .debug_macro   0x0000000000000000      0x220 ./Core/Src/button.o
 .debug_macro   0x0000000000000220      0xa9c ./Core/Src/button.o
 .debug_macro   0x0000000000000cbc      0x215 ./Core/Src/button.o
 .debug_macro   0x0000000000000ed1       0x2e ./Core/Src/button.o
 .debug_macro   0x0000000000000eff       0x22 ./Core/Src/button.o
 .debug_macro   0x0000000000000f21       0x22 ./Core/Src/button.o
 .debug_macro   0x0000000000000f43       0x8e ./Core/Src/button.o
 .debug_macro   0x0000000000000fd1       0x51 ./Core/Src/button.o
 .debug_macro   0x0000000000001022      0x103 ./Core/Src/button.o
 .debug_macro   0x0000000000001125       0x6a ./Core/Src/button.o
 .debug_macro   0x000000000000118f      0x1df ./Core/Src/button.o
 .debug_macro   0x000000000000136e       0x1c ./Core/Src/button.o
 .debug_macro   0x000000000000138a       0x22 ./Core/Src/button.o
 .debug_macro   0x00000000000013ac       0xc3 ./Core/Src/button.o
 .debug_macro   0x000000000000146f      0xd23 ./Core/Src/button.o
 .debug_macro   0x0000000000002192     0xde75 ./Core/Src/button.o
 .debug_macro   0x0000000000010007       0x6d ./Core/Src/button.o
 .debug_macro   0x0000000000010074     0x34a2 ./Core/Src/button.o
 .debug_macro   0x0000000000013516      0x174 ./Core/Src/button.o
 .debug_macro   0x000000000001368a       0x5c ./Core/Src/button.o
 .debug_macro   0x00000000000136e6      0x5bc ./Core/Src/button.o
 .debug_macro   0x0000000000013ca2      0x1b7 ./Core/Src/button.o
 .debug_macro   0x0000000000013e59      0x1cb ./Core/Src/button.o
 .debug_macro   0x0000000000014024      0x114 ./Core/Src/button.o
 .debug_macro   0x0000000000014138      0x1b2 ./Core/Src/button.o
 .debug_macro   0x00000000000142ea       0x27 ./Core/Src/button.o
 .debug_macro   0x0000000000014311      0x12f ./Core/Src/button.o
 .debug_macro   0x0000000000014440      0x1bc ./Core/Src/button.o
 .debug_macro   0x00000000000145fc       0x34 ./Core/Src/button.o
 .debug_macro   0x0000000000014630       0x3c ./Core/Src/button.o
 .debug_macro   0x000000000001466c       0x57 ./Core/Src/button.o
 .debug_macro   0x00000000000146c3       0x87 ./Core/Src/button.o
 .debug_macro   0x000000000001474a      0x183 ./Core/Src/button.o
 .debug_macro   0x00000000000148cd      0x140 ./Core/Src/button.o
 .debug_macro   0x0000000000014a0d      0x8ed ./Core/Src/button.o
 .debug_macro   0x00000000000152fa       0x69 ./Core/Src/button.o
 .debug_macro   0x0000000000015363       0x52 ./Core/Src/button.o
 .debug_macro   0x00000000000153b5      0x17c ./Core/Src/button.o
 .debug_macro   0x0000000000015531       0x10 ./Core/Src/button.o
 .debug_macro   0x0000000000015541      0x21a ./Core/Src/control_7seg.o
 .debug_macro   0x000000000001575b       0x16 ./Core/Src/control_7seg.o
 .debug_macro   0x0000000000015771      0x220 ./Core/Src/control_traffic.o
 .debug_macro   0x0000000000015991      0x224 ./Core/Src/fsm_7seg.o
 .debug_macro   0x0000000000015bb5       0x4c ./Core/Src/fsm_7seg.o
 .debug_macro   0x0000000000015c01      0x224 ./Core/Src/fsm_automatic.o
 .debug_macro   0x0000000000015e25      0x224 ./Core/Src/fsm_manual.o
 .debug_macro   0x0000000000016049      0x224 ./Core/Src/fsm_setting.o
 .debug_macro   0x000000000001626d      0x220 ./Core/Src/global.o
 .debug_macro   0x000000000001648d      0x216 ./Core/Src/main.o
 .debug_macro   0x00000000000166a3       0x73 ./Core/Src/software_timer.o
 .debug_macro   0x0000000000016716      0x216 ./Core/Src/stm32f1xx_hal_msp.o
 .debug_macro   0x000000000001692c      0x220 ./Core/Src/stm32f1xx_it.o
 .debug_macro   0x0000000000016b4c      0x197 ./Core/Src/system_stm32f1xx.o
 .debug_macro   0x0000000000016ce3      0x21a ./Core/Src/timer_check.o
 .debug_macro   0x0000000000016efd      0x224 ./Core/Src/update_status_traffic.o
 .debug_macro   0x0000000000017121      0x1bb ./Drivers/STM32F1xx_HAL_Driver/Src/stm32f1xx_hal.o
 .debug_macro   0x00000000000172dc      0x197 ./Drivers/STM32F1xx_HAL_Driver/Src/stm32f1xx_hal_cortex.o
 .debug_macro   0x0000000000017473      0x202 ./Drivers/STM32F1xx_HAL_Driver/Src/stm32f1xx_hal_gpio.o
 .debug_macro   0x0000000000017675      0x1a9 ./Drivers/STM32F1xx_HAL_Driver/Src/stm32f1xx_hal_rcc.o
 .debug_macro   0x000000000001781e      0x198 ./Drivers/STM32F1xx_HAL_Driver/Src/stm32f1xx_hal_tim.o
 .debug_macro   0x00000000000179b6      0x197 ./Drivers/STM32F1xx_HAL_Driver/Src/stm32f1xx_hal_tim_ex.o

.debug_line     0x0000000000000000     0xf030
 .debug_line    0x0000000000000000      0x85c ./Core/Src/button.o
 .debug_line    0x000000000000085c      0x8a8 ./Core/Src/control_7seg.o
 .debug_line    0x0000000000001104      0x7db ./Core/Src/control_traffic.o
 .debug_line    0x00000000000018df      0x88a ./Core/Src/fsm_7seg.o
 .debug_line    0x0000000000002169      0x847 ./Core/Src/fsm_automatic.o
 .debug_line    0x00000000000029b0      0x7e9 ./Core/Src/fsm_manual.o
 .debug_line    0x0000000000003199      0x86c ./Core/Src/fsm_setting.o
 .debug_line    0x0000000000003a05      0x77d ./Core/Src/global.o
 .debug_line    0x0000000000004182      0x8e1 ./Core/Src/main.o
 .debug_line    0x0000000000004a63      0x46f ./Core/Src/software_timer.o
 .debug_line    0x0000000000004ed2      0x7dd ./Core/Src/stm32f1xx_hal_msp.o
 .debug_line    0x00000000000056af      0x87b ./Core/Src/stm32f1xx_it.o
 .debug_line    0x0000000000005f2a      0x75e ./Core/Src/system_stm32f1xx.o
 .debug_line    0x0000000000006688      0x7b2 ./Core/Src/timer_check.o
 .debug_line    0x0000000000006e3a      0x850 ./Core/Src/update_status_traffic.o
 .debug_line    0x000000000000768a       0x86 ./Core/Startup/startup_stm32f103c6ux.o
 .debug_line    0x0000000000007710      0x98b ./Drivers/STM32F1xx_HAL_Driver/Src/stm32f1xx_hal.o
 .debug_line    0x000000000000809b      0xb73 ./Drivers/STM32F1xx_HAL_Driver/Src/stm32f1xx_hal_cortex.o
 .debug_line    0x0000000000008c0e      0xa0e ./Drivers/STM32F1xx_HAL_Driver/Src/stm32f1xx_hal_gpio.o
 .debug_line    0x000000000000961c      0xd97 ./Drivers/STM32F1xx_HAL_Driver/Src/stm32f1xx_hal_rcc.o
 .debug_line    0x000000000000a3b3     0x33dc ./Drivers/STM32F1xx_HAL_Driver/Src/stm32f1xx_hal_tim.o
 .debug_line    0x000000000000d78f     0x18a1 ./Drivers/STM32F1xx_HAL_Driver/Src/stm32f1xx_hal_tim_ex.o

.debug_str      0x0000000000000000    0x8279e
 .debug_str     0x0000000000000000    0x7fc17 ./Core/Src/button.o
                                      0x7ff6a (size before relaxing)
 .debug_str     0x000000000007fc17       0x6d ./Core/Src/control_7seg.o
                                      0x7ff34 (size before relaxing)
 .debug_str     0x000000000007fc84       0x2d ./Core/Src/control_traffic.o
                                      0x7feee (size before relaxing)
 .debug_str     0x000000000007fcb1       0x38 ./Core/Src/fsm_7seg.o
                                      0x7fec8 (size before relaxing)
 .debug_str     0x000000000007fce9       0x56 ./Core/Src/fsm_automatic.o
                                      0x7fee6 (size before relaxing)
 .debug_str     0x000000000007fd3f       0x4a ./Core/Src/fsm_manual.o
                                      0x7feda (size before relaxing)
 .debug_str     0x000000000007fd89       0x35 ./Core/Src/fsm_setting.o
                                      0x7fec5 (size before relaxing)
 .debug_str     0x000000000007fdbe       0x15 ./Core/Src/global.o
                                      0x7fea5 (size before relaxing)
 .debug_str     0x000000000007fdd3      0x6df ./Core/Src/main.o
                                      0x80666 (size before relaxing)
 .debug_str     0x00000000000804b2       0x36 ./Core/Src/software_timer.o
                                       0x3cd3 (size before relaxing)
 .debug_str     0x00000000000804e8      0x2ba ./Core/Src/stm32f1xx_hal_msp.o
                                      0x806b5 (size before relaxing)
 .debug_str     0x00000000000807a2       0xcd ./Core/Src/stm32f1xx_it.o
                                      0x80417 (size before relaxing)
 .debug_str     0x000000000008086f       0x52 ./Core/Src/system_stm32f1xx.o
                                      0x7f766 (size before relaxing)
 .debug_str     0x00000000000808c1       0x26 ./Core/Src/timer_check.o
                                      0x7fee1 (size before relaxing)
 .debug_str     0x00000000000808e7       0x3e ./Core/Src/update_status_traffic.o
                                      0x7fece (size before relaxing)
 .debug_str     0x0000000000080925       0x36 ./Core/Startup/startup_stm32f103c6ux.o
                                         0x5a (size before relaxing)
 .debug_str     0x000000000008095b      0x304 ./Drivers/STM32F1xx_HAL_Driver/Src/stm32f1xx_hal.o
                                      0x7fdbd (size before relaxing)
 .debug_str     0x0000000000080c5f      0x300 ./Drivers/STM32F1xx_HAL_Driver/Src/stm32f1xx_hal_cortex.o
                                      0x7fdc5 (size before relaxing)
 .debug_str     0x0000000000080f5f      0x324 ./Drivers/STM32F1xx_HAL_Driver/Src/stm32f1xx_hal_gpio.o
                                      0x7fb2a (size before relaxing)
 .debug_str     0x0000000000081283      0x24f ./Drivers/STM32F1xx_HAL_Driver/Src/stm32f1xx_hal_rcc.o
                                      0x7fb63 (size before relaxing)
 .debug_str     0x00000000000814d2      0xdde ./Drivers/STM32F1xx_HAL_Driver/Src/stm32f1xx_hal_tim.o
                                      0x80b4c (size before relaxing)
 .debug_str     0x00000000000822b0      0x4ee ./Drivers/STM32F1xx_HAL_Driver/Src/stm32f1xx_hal_tim_ex.o
                                      0x802ed (size before relaxing)

.comment        0x0000000000000000       0x53
 .comment       0x0000000000000000       0x53 ./Core/Src/button.o
                                         0x54 (size before relaxing)
 .comment       0x0000000000000053       0x54 ./Core/Src/control_7seg.o
 .comment       0x0000000000000053       0x54 ./Core/Src/control_traffic.o
 .comment       0x0000000000000053       0x54 ./Core/Src/fsm_7seg.o
 .comment       0x0000000000000053       0x54 ./Core/Src/fsm_automatic.o
 .comment       0x0000000000000053       0x54 ./Core/Src/fsm_manual.o
 .comment       0x0000000000000053       0x54 ./Core/Src/fsm_setting.o
 .comment       0x0000000000000053       0x54 ./Core/Src/global.o
 .comment       0x0000000000000053       0x54 ./Core/Src/main.o
 .comment       0x0000000000000053       0x54 ./Core/Src/software_timer.o
 .comment       0x0000000000000053       0x54 ./Core/Src/stm32f1xx_hal_msp.o
 .comment       0x0000000000000053       0x54 ./Core/Src/stm32f1xx_it.o
 .comment       0x0000000000000053       0x54 ./Core/Src/system_stm32f1xx.o
 .comment       0x0000000000000053       0x54 ./Core/Src/timer_check.o
 .comment       0x0000000000000053       0x54 ./Core/Src/update_status_traffic.o
 .comment       0x0000000000000053       0x54 ./Drivers/STM32F1xx_HAL_Driver/Src/stm32f1xx_hal.o
 .comment       0x0000000000000053       0x54 ./Drivers/STM32F1xx_HAL_Driver/Src/stm32f1xx_hal_cortex.o
 .comment       0x0000000000000053       0x54 ./Drivers/STM32F1xx_HAL_Driver/Src/stm32f1xx_hal_gpio.o
 .comment       0x0000000000000053       0x54 ./Drivers/STM32F1xx_HAL_Driver/Src/stm32f1xx_hal_rcc.o
 .comment       0x0000000000000053       0x54 ./Drivers/STM32F1xx_HAL_Driver/Src/stm32f1xx_hal_tim.o
 .comment       0x0000000000000053       0x54 ./Drivers/STM32F1xx_HAL_Driver/Src/stm32f1xx_hal_tim_ex.o

.debug_frame    0x0000000000000000     0x29c8
 .debug_frame   0x0000000000000000       0xa8 ./Core/Src/button.o
 .debug_frame   0x00000000000000a8       0xe0 ./Core/Src/control_7seg.o
 .debug_frame   0x0000000000000188       0x2c ./Core/Src/control_traffic.o
 .debug_frame   0x00000000000001b4       0x64 ./Core/Src/fsm_7seg.o
 .debug_frame   0x0000000000000218       0x64 ./Core/Src/fsm_automatic.o
 .debug_frame   0x000000000000027c       0x64 ./Core/Src/fsm_manual.o
 .debug_frame   0x00000000000002e0       0x48 ./Core/Src/fsm_setting.o
 .debug_frame   0x0000000000000328       0xd4 ./Core/Src/main.o
 .debug_frame   0x00000000000003fc       0x60 ./Core/Src/software_timer.o
 .debug_frame   0x000000000000045c       0x80 ./Core/Src/stm32f1xx_hal_msp.o
 .debug_frame   0x00000000000004dc      0x120 ./Core/Src/stm32f1xx_it.o
 .debug_frame   0x00000000000005fc       0x58 ./Core/Src/system_stm32f1xx.o
 .debug_frame   0x0000000000000654       0x2c ./Core/Src/timer_check.o
 .debug_frame   0x0000000000000680       0x50 ./Core/Src/update_status_traffic.o
 .debug_frame   0x00000000000006d0      0x334 ./Drivers/STM32F1xx_HAL_Driver/Src/stm32f1xx_hal.o
 .debug_frame   0x0000000000000a04      0x428 ./Drivers/STM32F1xx_HAL_Driver/Src/stm32f1xx_hal_cortex.o
 .debug_frame   0x0000000000000e2c      0x14c ./Drivers/STM32F1xx_HAL_Driver/Src/stm32f1xx_hal_gpio.o
 .debug_frame   0x0000000000000f78      0x218 ./Drivers/STM32F1xx_HAL_Driver/Src/stm32f1xx_hal_rcc.o
 .debug_frame   0x0000000000001190     0x11b4 ./Drivers/STM32F1xx_HAL_Driver/Src/stm32f1xx_hal_tim.o
 .debug_frame   0x0000000000002344      0x638 ./Drivers/STM32F1xx_HAL_Driver/Src/stm32f1xx_hal_tim_ex.o
 .debug_frame   0x000000000000297c       0x2c d:/documents for work/st/stm32cubeide_1.7.0/stm32cubeide/plugins/com.st.stm32cube.ide.mcu.externaltools.gnu-tools-for-stm32.9-2020-q2-update.win32_2.0.0.202105311346/tools/bin/../lib/gcc/arm-none-eabi/9.3.1/../../../../arm-none-eabi/lib/thumb/v7-m/nofp\libc_nano.a(lib_a-init.o)
 .debug_frame   0x00000000000029a8       0x20 d:/documents for work/st/stm32cubeide_1.7.0/stm32cubeide/plugins/com.st.stm32cube.ide.mcu.externaltools.gnu-tools-for-stm32.9-2020-q2-update.win32_2.0.0.202105311346/tools/bin/../lib/gcc/arm-none-eabi/9.3.1/../../../../arm-none-eabi/lib/thumb/v7-m/nofp\libc_nano.a(lib_a-memset.o)
